[2026-06-02 00:24:40] [INFO] ========================================
[2026-06-02 00:24:40] [INFO] HERMES AUTO-DAEMON - MODO CAOS ATIVADO
[2026-06-02 00:24:40] [INFO] Projeto: C:\Users\Administrador\YGGNAROK
[2026-06-02 00:24:40] [INFO] ========================================
[2026-06-02 00:24:40] [INFO] Git hook installed: post-commit
[2026-06-02 00:24:40] [INFO] Git hook installed: post-merge
[2026-06-02 00:24:40] [INFO] Git hook installed: post-checkout
[2026-06-02 00:24:40] [INFO] Watching: C:\Users\Administrador\YGGNAROK\worker
[2026-06-02 00:24:40] [INFO] Watching: C:\Users\Administrador\YGGNAROK\src
[2026-06-02 00:24:40] [INFO] Watching: C:\Users\Administrador\YGGNAROK\staging
[2026-06-02 00:24:40] [WARN] Erros de lint: 2
[2026-06-02 00:24:40] [INFO] Council doctor: OK
[2026-06-02 00:24:40] [INFO] Daemon rodando em background. Ctrl+C para parar.
[2026-06-02 00:24:40] [INFO] ========================================
[2026-06-02 01:34:37] [INFO] ========================================
[2026-06-02 01:34:37] [INFO] HERMES AUTO-DAEMON - MODO CAOS ATIVADO
[2026-06-02 01:34:37] [INFO] Projeto: C:\Users\Administrador\YGGNAROK
[2026-06-02 01:34:37] [INFO] ========================================
[2026-06-02 01:34:37] [INFO] Watching: C:\Users\Administrador\YGGNAROK\worker
[2026-06-02 01:34:37] [INFO] Watching: C:\Users\Administrador\YGGNAROK\src
[2026-06-02 01:34:37] [INFO] Watching: C:\Users\Administrador\YGGNAROK\staging
[2026-06-02 01:34:37] [WARN] Erros de lint: 2
[2026-06-02 01:34:37] [INFO] Council doctor: OK
[2026-06-02 01:34:37] [INFO] Daemon rodando em background. Ctrl+C para parar.
[2026-06-02 01:34:37] [INFO] ========================================
[2026-06-02 01:40:39] [INFO] ========================================
[2026-06-02 01:40:39] [INFO] HERMES AUTO-DAEMON - MODO CAOS ATIVADO
[2026-06-02 01:40:39] [INFO] Projeto: C:\Users\Administrador\YGGNAROK
[2026-06-02 01:40:39] [INFO] ========================================
[2026-06-02 01:40:39] [INFO] Watching: C:\Users\Administrador\YGGNAROK\worker
[2026-06-02 01:40:39] [INFO] Watching: C:\Users\Administrador\YGGNAROK\src
[2026-06-02 01:40:39] [INFO] Watching: C:\Users\Administrador\YGGNAROK\staging
[2026-06-02 01:40:39] [WARN] Erros de lint: 2
[2026-06-02 01:40:39] [INFO] Council doctor: OK
[2026-06-02 01:40:39] [INFO] Daemon rodando em background. Ctrl+C para parar.
[2026-06-02 01:40:39] [INFO] ========================================
[2026-06-02 01:44:52] [INFO] ========================================
[2026-06-02 01:44:52] [INFO] HERMES AUTO-DAEMON - MODO CAOS ATIVADO
[2026-06-02 01:44:52] [INFO] Projeto: C:\Users\Administrador\YGGNAROK
[2026-06-02 01:44:52] [INFO] ========================================
[2026-06-02 01:44:52] [INFO] Watching: C:\Users\Administrador\YGGNAROK\worker
[2026-06-02 01:44:52] [INFO] Watching: C:\Users\Administrador\YGGNAROK\src
[2026-06-02 01:44:52] [INFO] Watching: C:\Users\Administrador\YGGNAROK\staging
[2026-06-02 01:44:52] [WARN] Erros de lint: 2
[2026-06-02 01:44:52] [INFO] Council doctor: OK
[2026-06-02 01:44:52] [INFO] Daemon rodando em background. Ctrl+C para parar.
[2026-06-02 01:44:52] [INFO] ========================================
[2026-06-02 01:49:09] [INFO] ========================================
[2026-06-02 01:49:09] [INFO] HERMES AUTO-DAEMON - MODO CAOS ATIVADO
[2026-06-02 01:49:10] [INFO] Projeto: C:\Users\Administrador\YGGNAROK
[2026-06-02 01:49:10] [INFO] ========================================
[2026-06-02 01:49:10] [INFO] Watching: C:\Users\Administrador\YGGNAROK\worker
[2026-06-02 01:49:10] [INFO] Watching: C:\Users\Administrador\YGGNAROK\src
[2026-06-02 01:49:10] [INFO] Watching: C:\Users\Administrador\YGGNAROK\staging
[2026-06-02 01:49:10] [WARN] Erros de lint: 2
[2026-06-02 01:49:10] [INFO] Council doctor: OK
[2026-06-02 01:49:10] [INFO] Daemon rodando em background. Ctrl+C para parar.
[2026-06-02 01:49:10] [INFO] ========================================
[2026-06-02 02:07:50] [INFO] ========================================
[2026-06-02 02:07:50] [INFO] HERMES AUTO-DAEMON - MODO CAOS ATIVADO
[2026-06-02 02:07:50] [INFO] Projeto: C:\Users\Administrador\YGGNAROK
[2026-06-02 02:07:50] [INFO] ========================================
[2026-06-02 02:07:50] [INFO] Watching: C:\Users\Administrador\YGGNAROK\worker
[2026-06-02 02:07:50] [INFO] Watching: C:\Users\Administrador\YGGNAROK\src
[2026-06-02 02:07:50] [INFO] Watching: C:\Users\Administrador\YGGNAROK\staging
[2026-06-02 02:07:50] [WARN] Erros de lint: 2
[2026-06-02 02:07:50] [INFO] Council doctor: OK
[2026-06-02 02:07:50] [INFO] Daemon rodando em background. Ctrl+C para parar.
[2026-06-02 02:07:50] [INFO] ========================================
[2026-06-02 02:24:50] [INFO] ========================================
[2026-06-02 02:24:50] [INFO] HERMES AUTO-DAEMON - MODO CAOS ATIVADO
[2026-06-02 02:24:50] [INFO] Projeto: C:\Users\Administrador\YGGNAROK
[2026-06-02 02:24:50] [INFO] ========================================
[2026-06-02 02:24:50] [INFO] Watching: C:\Users\Administrador\YGGNAROK\worker
[2026-06-02 02:24:50] [INFO] Watching: C:\Users\Administrador\YGGNAROK\src
[2026-06-02 02:24:50] [INFO] Watching: C:\Users\Administrador\YGGNAROK\staging
[2026-06-02 02:24:50] [WARN] Erros de lint: 2
[2026-06-02 02:24:50] [INFO] Council doctor: OK
[2026-06-02 02:24:50] [INFO] Daemon rodando em background. Ctrl+C para parar.
[2026-06-02 02:24:50] [INFO] ========================================
[2026-06-02 02:38:57] [INFO] ========================================
[2026-06-02 02:38:57] [INFO] HERMES AUTO-DAEMON - MODO CAOS ATIVADO
[2026-06-02 02:38:57] [INFO] Projeto: C:\Users\Administrador\YGGNAROK
[2026-06-02 02:38:57] [INFO] ========================================
[2026-06-02 02:38:57] [INFO] Watching: C:\Users\Administrador\YGGNAROK\worker
[2026-06-02 02:38:57] [INFO] Watching: C:\Users\Administrador\YGGNAROK\src
[2026-06-02 02:38:57] [INFO] Watching: C:\Users\Administrador\YGGNAROK\staging
[2026-06-02 02:38:57] [WARN] Erros de lint: 2
[2026-06-02 02:38:57] [INFO] Council doctor: OK
[2026-06-02 02:38:57] [INFO] Daemon rodando em background. Ctrl+C para parar.
[2026-06-02 02:38:57] [INFO] ========================================
[2026-06-02 02:40:14] [INFO] ========================================
[2026-06-02 02:40:14] [INFO] HERMES AUTO-DAEMON - MODO CAOS ATIVADO
[2026-06-02 02:40:14] [INFO] Projeto: C:\Users\Administrador\YGGNAROK
[2026-06-02 02:40:14] [INFO] ========================================
[2026-06-02 02:40:14] [INFO] Watching: C:\Users\Administrador\YGGNAROK\worker
[2026-06-02 02:40:14] [INFO] Watching: C:\Users\Administrador\YGGNAROK\src
[2026-06-02 02:40:14] [INFO] Watching: C:\Users\Administrador\YGGNAROK\staging
[2026-06-02 02:40:14] [WARN] Erros de lint: 2
[2026-06-02 02:40:14] [INFO] Council doctor: OK
[2026-06-02 02:40:14] [INFO] Daemon rodando em background. Ctrl+C para parar.
[2026-06-02 02:40:14] [INFO] ========================================
[2026-06-02 02:45:14] [INFO] Council doctor: OK
[2026-06-02 02:55:40] [INFO] ========================================
[2026-06-02 02:55:40] [INFO] HERMES AUTO-DAEMON - MODO CAOS ATIVADO
[2026-06-02 02:55:40] [INFO] Projeto: C:\Users\Administrador\YGGNAROK
[2026-06-02 02:55:40] [INFO] ========================================
[2026-06-02 02:55:40] [INFO] Watching: C:\Users\Administrador\YGGNAROK\worker
[2026-06-02 02:55:40] [INFO] Watching: C:\Users\Administrador\YGGNAROK\src
[2026-06-02 02:55:40] [INFO] Watching: C:\Users\Administrador\YGGNAROK\staging
[2026-06-02 02:55:40] [WARN] Erros de lint: 2
[2026-06-02 02:55:41] [INFO] Council doctor: OK
[2026-06-02 02:55:41] [INFO] Daemon rodando em background. Ctrl+C para parar.
[2026-06-02 02:55:41] [INFO] ========================================
[2026-06-02 03:00:41] [WARN] Erros de lint: 2
[2026-06-02 03:15:41] [INFO] Council doctor: OK
[2026-06-02 03:30:41] [WARN] Erros de lint: 2
[2026-06-02 03:45:41] [INFO] Council doctor: OK
[2026-06-02 04:00:41] [WARN] Erros de lint: 2
[2026-06-02 04:15:41] [INFO] Council doctor: OK
[2026-06-02 04:30:41] [WARN] Erros de lint: 2
[2026-06-02 04:45:41] [INFO] Council doctor: OK
[2026-06-02 05:00:41] [WARN] Erros de lint: 2
[2026-06-02 05:15:41] [INFO] Council doctor: OK
[2026-06-02 05:30:41] [WARN] Erros de lint: 2
[2026-06-02 05:45:41] [INFO] Council doctor: OK
[2026-06-02 06:00:42] [WARN] Erros de lint: 2
[2026-06-02 06:15:42] [INFO] Council doctor: OK
[2026-06-02 06:30:42] [WARN] Erros de lint: 2
[2026-06-02 06:45:42] [INFO] Council doctor: OK
[2026-06-02 07:00:42] [WARN] Erros de lint: 2
[2026-06-02 07:15:42] [INFO] Council doctor: OK
[2026-06-02 07:30:42] [WARN] Erros de lint: 2
[2026-06-02 07:45:42] [INFO] Council doctor: OK
[2026-06-02 08:00:42] [WARN] Erros de lint: 2
[2026-06-02 08:15:42] [INFO] Council doctor: OK
[2026-06-02 08:30:42] [WARN] Erros de lint: 2
[2026-06-02 08:45:42] [INFO] Council doctor: OK
[2026-06-02 09:00:42] [WARN] Erros de lint: 2
[2026-06-02 09:15:43] [INFO] Council doctor: OK
[2026-06-02 09:30:43] [WARN] Erros de lint: 2
[2026-06-02 09:45:43] [INFO] Council doctor: OK
[2026-06-02 10:00:43] [WARN] Erros de lint: 2
[2026-06-02 10:15:43] [INFO] Council doctor: OK
[2026-06-02 10:30:43] [WARN] Erros de lint: 2
[2026-06-02 10:45:43] [INFO] Council doctor: OK
[2026-06-02 11:00:43] [WARN] Erros de lint: 2
[2026-06-02 11:15:43] [INFO] Council doctor: OK
[2026-06-02 11:30:43] [WARN] Erros de lint: 2
[2026-06-02 11:45:43] [INFO] Council doctor: OK
[2026-06-02 12:00:43] [WARN] Erros de lint: 2
[2026-06-02 12:15:44] [INFO] Council doctor: OK
[2026-06-02 12:30:44] [WARN] Erros de lint: 2
[2026-06-02 12:45:44] [INFO] Council doctor: OK
[2026-06-02 13:00:44] [WARN] Erros de lint: 2
[2026-06-02 13:15:44] [INFO] Council doctor: OK
[2026-06-02 13:30:44] [WARN] Erros de lint: 2
[2026-06-02 13:45:44] [INFO] Council doctor: OK
[2026-06-02 14:00:44] [WARN] Erros de lint: 2
[2026-06-02 14:15:44] [INFO] Council doctor: OK
[2026-06-02 14:30:44] [WARN] Erros de lint: 2
[2026-06-02 14:45:45] [INFO] Council doctor: OK
